Archive member included to satisfy reference by file (symbol)

/Users/andronovdima/ARM/gcc-arm-none-eabi-9-2019-q4-major/bin/../lib/gcc/arm-none-eabi/9.2.1/../../../../arm-none-eabi/lib/thumb/v7-m/nofp/libg_nano.a(lib_a-errno.o)
                              CMakeFiles/SD_full.elf.dir/Src/syscalls.c.obj (__errno)
/Users/andronovdima/ARM/gcc-arm-none-eabi-9-2019-q4-major/bin/../lib/gcc/arm-none-eabi/9.2.1/../../../../arm-none-eabi/lib/thumb/v7-m/nofp/libg_nano.a(lib_a-exit.o)
                              /Users/andronovdima/ARM/gcc-arm-none-eabi-9-2019-q4-major/bin/../lib/gcc/arm-none-eabi/9.2.1/../../../../arm-none-eabi/lib/thumb/v7-m/nofp/crt0.o (exit)
/Users/andronovdima/ARM/gcc-arm-none-eabi-9-2019-q4-major/bin/../lib/gcc/arm-none-eabi/9.2.1/../../../../arm-none-eabi/lib/thumb/v7-m/nofp/libg_nano.a(lib_a-impure.o)
                              /Users/andronovdima/ARM/gcc-arm-none-eabi-9-2019-q4-major/bin/../lib/gcc/arm-none-eabi/9.2.1/../../../../arm-none-eabi/lib/thumb/v7-m/nofp/libg_nano.a(lib_a-exit.o) (_global_impure_ptr)
/Users/andronovdima/ARM/gcc-arm-none-eabi-9-2019-q4-major/bin/../lib/gcc/arm-none-eabi/9.2.1/../../../../arm-none-eabi/lib/thumb/v7-m/nofp/libg_nano.a(lib_a-init.o)
                              /Users/andronovdima/ARM/gcc-arm-none-eabi-9-2019-q4-major/bin/../lib/gcc/arm-none-eabi/9.2.1/../../../../arm-none-eabi/lib/thumb/v7-m/nofp/crt0.o (__libc_init_array)
/Users/andronovdima/ARM/gcc-arm-none-eabi-9-2019-q4-major/bin/../lib/gcc/arm-none-eabi/9.2.1/../../../../arm-none-eabi/lib/thumb/v7-m/nofp/libg_nano.a(lib_a-malloc.o)
                              CMakeFiles/SD_full.elf.dir/Src/main.c.obj (malloc)
/Users/andronovdima/ARM/gcc-arm-none-eabi-9-2019-q4-major/bin/../lib/gcc/arm-none-eabi/9.2.1/../../../../arm-none-eabi/lib/thumb/v7-m/nofp/libg_nano.a(lib_a-memset.o)
                              /Users/andronovdima/ARM/gcc-arm-none-eabi-9-2019-q4-major/bin/../lib/gcc/arm-none-eabi/9.2.1/../../../../arm-none-eabi/lib/thumb/v7-m/nofp/crt0.o (memset)
/Users/andronovdima/ARM/gcc-arm-none-eabi-9-2019-q4-major/bin/../lib/gcc/arm-none-eabi/9.2.1/../../../../arm-none-eabi/lib/thumb/v7-m/nofp/libg_nano.a(lib_a-nano-freer.o)
                              /Users/andronovdima/ARM/gcc-arm-none-eabi-9-2019-q4-major/bin/../lib/gcc/arm-none-eabi/9.2.1/../../../../arm-none-eabi/lib/thumb/v7-m/nofp/libg_nano.a(lib_a-malloc.o) (_free_r)
/Users/andronovdima/ARM/gcc-arm-none-eabi-9-2019-q4-major/bin/../lib/gcc/arm-none-eabi/9.2.1/../../../../arm-none-eabi/lib/thumb/v7-m/nofp/libg_nano.a(lib_a-nano-mallocr.o)
                              /Users/andronovdima/ARM/gcc-arm-none-eabi-9-2019-q4-major/bin/../lib/gcc/arm-none-eabi/9.2.1/../../../../arm-none-eabi/lib/thumb/v7-m/nofp/libg_nano.a(lib_a-malloc.o) (_malloc_r)
/Users/andronovdima/ARM/gcc-arm-none-eabi-9-2019-q4-major/bin/../lib/gcc/arm-none-eabi/9.2.1/../../../../arm-none-eabi/lib/thumb/v7-m/nofp/libg_nano.a(lib_a-sbrkr.o)
                              /Users/andronovdima/ARM/gcc-arm-none-eabi-9-2019-q4-major/bin/../lib/gcc/arm-none-eabi/9.2.1/../../../../arm-none-eabi/lib/thumb/v7-m/nofp/libg_nano.a(lib_a-nano-mallocr.o) (_sbrk_r)
/Users/andronovdima/ARM/gcc-arm-none-eabi-9-2019-q4-major/bin/../lib/gcc/arm-none-eabi/9.2.1/../../../../arm-none-eabi/lib/thumb/v7-m/nofp/libg_nano.a(lib_a-sprintf.o)
                              CMakeFiles/SD_full.elf.dir/Src/sd.c.obj (sprintf)
/Users/andronovdima/ARM/gcc-arm-none-eabi-9-2019-q4-major/bin/../lib/gcc/arm-none-eabi/9.2.1/../../../../arm-none-eabi/lib/thumb/v7-m/nofp/libg_nano.a(lib_a-strcmp.o)
                              CMakeFiles/SD_full.elf.dir/Src/main.c.obj (strcmp)
/Users/andronovdima/ARM/gcc-arm-none-eabi-9-2019-q4-major/bin/../lib/gcc/arm-none-eabi/9.2.1/../../../../arm-none-eabi/lib/thumb/v7-m/nofp/libg_nano.a(lib_a-strlen.o)
                              CMakeFiles/SD_full.elf.dir/Src/main.c.obj (strlen)
/Users/andronovdima/ARM/gcc-arm-none-eabi-9-2019-q4-major/bin/../lib/gcc/arm-none-eabi/9.2.1/../../../../arm-none-eabi/lib/thumb/v7-m/nofp/libg_nano.a(lib_a-mlock.o)
                              /Users/andronovdima/ARM/gcc-arm-none-eabi-9-2019-q4-major/bin/../lib/gcc/arm-none-eabi/9.2.1/../../../../arm-none-eabi/lib/thumb/v7-m/nofp/libg_nano.a(lib_a-nano-freer.o) (__malloc_lock)
/Users/andronovdima/ARM/gcc-arm-none-eabi-9-2019-q4-major/bin/../lib/gcc/arm-none-eabi/9.2.1/../../../../arm-none-eabi/lib/thumb/v7-m/nofp/libg_nano.a(lib_a-nano-svfprintf.o)
                              /Users/andronovdima/ARM/gcc-arm-none-eabi-9-2019-q4-major/bin/../lib/gcc/arm-none-eabi/9.2.1/../../../../arm-none-eabi/lib/thumb/v7-m/nofp/libg_nano.a(lib_a-sprintf.o) (_svfprintf_r)
/Users/andronovdima/ARM/gcc-arm-none-eabi-9-2019-q4-major/bin/../lib/gcc/arm-none-eabi/9.2.1/../../../../arm-none-eabi/lib/thumb/v7-m/nofp/libg_nano.a(lib_a-nano-vfprintf_i.o)
[...]
Memory Configuration

Name             Origin             Length             Attributes
RAM              0x0000000020000000 0x0000000000005000 xrw
FLASH            0x0000000008000000 0x0000000000010000 xr
*default*        0x0000000000000000 0xffffffffffffffff

Linker script and memory map

LOAD /Users/andronovdima/ARM/gcc-arm-none-eabi-9-2019-q4-major/bin/../lib/gcc/arm-none-eabi/9.2.1/thumb/v7-m/nofp/crti.o
LOAD /Users/andronovdima/ARM/gcc-arm-none-eabi-9-2019-q4-major/bin/../lib/gcc/arm-none-eabi/9.2.1/thumb/v7-m/nofp/crtbegin.o
LOAD /Users/andronovdima/ARM/gcc-arm-none-eabi-9-2019-q4-major/bin/../lib/gcc/arm-none-eabi/9.2.1/../../../../arm-none-eabi/lib/thumb/v7-m/nofp/crt0.o
LOAD CMakeFiles/SD_full.elf.dir/Drivers/STM32F1xx_HAL_Driver/Src/stm32f1xx_hal.c.obj
LOAD CMakeFiles/SD_full.elf.dir/Drivers/STM32F1xx_HAL_Driver/Src/stm32f1xx_hal_cortex.c.obj
LOAD CMakeFiles/SD_full.elf.dir/Drivers/STM32F1xx_HAL_Driver/Src/stm32f1xx_hal_dma.c.obj
LOAD CMakeFiles/SD_full.elf.dir/Drivers/STM32F1xx_HAL_Driver/Src/stm32f1xx_hal_exti.c.obj
LOAD CMakeFiles/SD_full.elf.dir/Drivers/STM32F1xx_HAL_Driver/Src/stm32f1xx_hal_flash.c.obj
LOAD CMakeFiles/SD_full.elf.dir/Drivers/STM32F1xx_HAL_Driver/Src/stm32f1xx_hal_flash_ex.c.obj
LOAD CMakeFiles/SD_full.elf.dir/Drivers/STM32F1xx_HAL_Driver/Src/stm32f1xx_hal_gpio.c.obj
LOAD CMakeFiles/SD_full.elf.dir/Drivers/STM32F1xx_HAL_Driver/Src/stm32f1xx_hal_gpio_ex.c.obj
LOAD CMakeFiles/SD_full.elf.dir/Drivers/STM32F1xx_HAL_Driver/Src/stm32f1xx_hal_pwr.c.obj
LOAD CMakeFiles/SD_full.elf.dir/Drivers/STM32F1xx_HAL_Driver/Src/stm32f1xx_hal_rcc.c.obj
LOAD CMakeFiles/SD_full.elf.dir/Drivers/STM32F1xx_HAL_Driver/Src/stm32f1xx_hal_rcc_ex.c.obj
LOAD CMakeFiles/SD_full.elf.dir/Drivers/STM32F1xx_HAL_Driver/Src/stm32f1xx_hal_spi.c.obj
LOAD CMakeFiles/SD_full.elf.dir/Drivers/STM32F1xx_HAL_Driver/Src/stm32f1xx_hal_tim.c.obj
LOAD CMakeFiles/SD_full.elf.dir/Drivers/STM32F1xx_HAL_Driver/Src/stm32f1xx_hal_tim_ex.c.obj
LOAD CMakeFiles/SD_full.elf.dir/Drivers/STM32F1xx_HAL_Driver/Src/stm32f1xx_hal_uart.c.obj
LOAD CMakeFiles/SD_full.elf.dir/Src/main.c.obj
LOAD CMakeFiles/SD_full.elf.dir/Src/sd.c.obj
LOAD CMakeFiles/SD_full.elf.dir/Src/stm32f1xx_hal_msp.c.obj
LOAD CMakeFiles/SD_full.elf.dir/Src/stm32f1xx_it.c.obj
LOAD CMakeFiles/SD_full.elf.dir/Src/syscalls.c.obj
LOAD CMakeFiles/SD_full.elf.dir/Src/system_stm32f1xx.c.obj
LOAD CMakeFiles/SD_full.elf.dir/startup/startup_stm32f103xb.s.obj
START GROUP
LOAD /Users/andronovdima/ARM/gcc-arm-none-eabi-9-2019-q4-major/bin/../lib/gcc/arm-none-eabi/9.2.1/thumb/v7-m/nofp/libgcc.a
LOAD /Users/andronovdima/ARM/gcc-arm-none-eabi-9-2019-q4-major/bin/../lib/gcc/arm-none-eabi/9.2.1/../../../../arm-none-eabi/lib/thumb/v7-m/nofp/libg_nano.a
LOAD /Users/andronovdima/ARM/gcc-arm-none-eabi-9-2019-q4-major/bin/../lib/gcc/arm-none-eabi/9.2.1/../../../../arm-none-eabi/lib/thumb/v7-m/nofp/libc_nano.a
END GROUP
START GROUP
LOAD /Users/andronovdima/ARM/gcc-arm-none-eabi-9-2019-q4-major/bin/../lib/gcc/arm-none-eabi/9.2.1/thumb/v7-m/nofp/libgcc.a
LOAD /Users/andronovdima/ARM/gcc-arm-none-eabi-9-2019-q4-major/bin/../lib/gcc/arm-none-eabi/9.2.1/../../../../arm-none-eabi/lib/thumb/v7-m/nofp/libc_nano.a
LOAD /Users/andronovdima/ARM/gcc-arm-none-eabi-9-2019-q4-major/bin/../lib/gcc/arm-none-eabi/9.2.1/../../../../arm-none-eabi/lib/thumb/v7-m/nofp/libnosys.a
END GROUP
START GROUP
LOAD /Users/andronovdima/ARM/gcc-arm-none-eabi-9-2019-q4-major/bin/../lib/gcc/arm-none-eabi/9.2.1/thumb/v7-m/nofp/libgcc.a
LOAD /Users/andronovdima/ARM/gcc-arm-none-eabi-9-2019-q4-major/bin/../lib/gcc/arm-none-eabi/9.2.1/../../../../arm-none-eabi/lib/thumb/v7-m/nofp/libc_nano.a
LOAD /Users/andronovdima/ARM/gcc-arm-none-eabi-9-2019-q4-major/bin/../lib/gcc/arm-none-eabi/9.2.1/../../../../arm-none-eabi/lib/thumb/v7-m/nofp/libnosys.a
END GROUP
LOAD /Users/andronovdima/ARM/gcc-arm-none-eabi-9-2019-q4-major/bin/../lib/gcc/arm-none-eabi/9.2.1/thumb/v7-m/nofp/crtend.o
LOAD /Users/andronovdima/ARM/gcc-arm-none-eabi-9-2019-q4-major/bin/../lib/gcc/arm-none-eabi/9.2.1/thumb/v7-m/nofp/crtn.o
                0x0000000020005000                _estack = 0x20005000
                0x0000000000000200                _Min_Heap_Size = 0x200
                0x0000000000000400                _Min_Stack_Size = 0x400

.isr_vector     0x0000000008000000      0x10c
                0x0000000008000000                . = ALIGN (0x4)
 *(.isr_vector)
 .isr_vector    0x0000000008000000      0x10c CMakeFiles/SD_full.elf.dir/startup/startup_stm32f103xb.s.obj
                0x0000000008000000                g_pfnVectors
                0x000000000800010c                . = ALIGN (0x4)

.text           0x000000000800010c     0x2d38
                0x000000000800010c                . = ALIGN (0x4)
 *(.text)
 .text          0x000000000800010c       0x40 /Users/andronovdima/ARM/gcc-arm-none-eabi-9-2019-q4-major/bin/../lib/gcc/arm-none-eabi/9.2.1/thumb/v7-m/nofp/crtbegin.o
 .text          0x000000000800014c       0x14 /Users/andronovdima/ARM/gcc-arm-none-eabi-9-2019-q4-major/bin/../lib/gcc/arm-none-eabi/9.2.1/../../../../arm-none-eabi/lib/thumb/v7-m/nofp/libg_nano.a(lib_a-strcmp.o)
                0x000000000800014c                strcmp
 .text          0x0000000008000160       0x10 /Users/andronovdima/ARM/gcc-arm-none-eabi-9-2019-q4-major/bin/../lib/gcc/arm-none-eabi/9.2.1/../../../../arm-none-eabi/lib/thumb/v7-m/nofp/libg_nano.a(lib_a-strlen.o)
                0x0000000008000160                strlen
 *(.text*)
 .text.HAL_Init
                0x0000000008000170       0x2c CMakeFiles/SD_full.elf.dir/Drivers/STM32F1xx_HAL_Driver/Src/stm32f1xx_hal.c.obj
                0x0000000008000170                HAL_Init
 .text.HAL_InitTick
                0x000000000800019c       0x60 CMakeFiles/SD_full.elf.dir/Drivers/STM32F1xx_HAL_Driver/Src/stm32f1xx_hal.c.obj
                0x000000000800019c                HAL_InitTick
 .text.HAL_IncTick
                0x00000000080001fc       0x24 CMakeFiles/SD_full.elf.dir/Drivers/STM32F1xx_HAL_Driver/Src/stm32f1xx_hal.c.obj
                0x00000000080001fc                HAL_IncTick
 .text.HAL_GetTick
                0x0000000008000220       0x14 CMakeFiles/SD_full.elf.dir/Drivers/STM32F1xx_HAL_Driver/Src/stm32f1xx_hal.c.obj
                0x0000000008000220                HAL_GetTick
 .text.HAL_Delay
                0x0000000008000234       0x48 CMakeFiles/SD_full.elf.dir/Drivers/STM32F1xx_HAL_Driver/Src/stm32f1xx_hal.c.obj
                0x0000000008000234                HAL_Delay
 .text.__NVIC_SetPriorityGrouping
                0x000000000800027c       0x48 CMakeFiles/SD_full.elf.dir/Drivers/STM32F1xx_HAL_Driver/Src/stm32f1xx_hal_cortex.c.obj
 .text.__NVIC_GetPriorityGrouping
                0x00000000080002c4       0x1c CMakeFiles/SD_full.elf.dir/Drivers/STM32F1xx_HAL_Driver/Src/stm32f1xx_hal_cortex.c.obj
 .text.__NVIC_SetPriority
                0x00000000080002e0       0x54 CMakeFiles/SD_full.elf.dir/Drivers/STM32F1xx_HAL_Driver/Src/stm32f1xx_hal_cortex.c.obj
 .text.NVIC_EncodePriority
                0x0000000008000334       0x64 CMakeFiles/SD_full.elf.dir/Drivers/STM32F1xx_HAL_Driver/Src/stm32f1xx_hal_cortex.c.obj
 .text.SysTick_Config
                0x0000000008000398       0x44 CMakeFiles/SD_full.elf.dir/Drivers/STM32F1xx_HAL_Driver/Src/stm32f1xx_hal_cortex.c.obj
 .text.HAL_NVIC_SetPriorityGrouping
                0x00000000080003dc       0x16 CMakeFiles/SD_full.elf.dir/Drivers/STM32F1xx_HAL_Driver/Src/stm32f1xx_hal_cortex.c.obj
                0x00000000080003dc                HAL_NVIC_SetPriorityGrouping
 .text.HAL_NVIC_SetPriority
                0x00000000080003f2       0x38 CMakeFiles/SD_full.elf.dir/Drivers/STM32F1xx_HAL_Driver/Src/stm32f1xx_hal_cortex.c.obj
                0x00000000080003f2                HAL_NVIC_SetPriority
 .text.HAL_SYSTICK_Config
                0x000000000800042a       0x18 CMakeFiles/SD_full.elf.dir/Drivers/STM32F1xx_HAL_Driver/Src/stm32f1xx_hal_cortex.c.obj
                0x000000000800042a                HAL_SYSTICK_Config
 *fill*         0x0000000008000442        0x2 
 .text.HAL_GPIO_Init
                0x0000000008000444      0x308 CMakeFiles/SD_full.elf.dir/Drivers/STM32F1xx_HAL_Driver/Src/stm32f1xx_hal_gpio.c.obj
                0x0000000008000444                HAL_GPIO_Init
 .text.HAL_GPIO_WritePin
                0x000000000800074c       0x30 CMakeFiles/SD_full.elf.dir/Drivers/STM32F1xx_HAL_Driver/Src/stm32f1xx_hal_gpio.c.obj
                0x000000000800074c                HAL_GPIO_WritePin
 .text.HAL_RCC_OscConfig
                0x000000000800077c      0x500 CMakeFiles/SD_full.elf.dir/Drivers/STM32F1xx_HAL_Driver/Src/stm32f1xx_hal_rcc.c.obj
                0x000000000800077c                HAL_RCC_OscConfig
 .text.HAL_RCC_ClockConfig
                0x0000000008000c7c      0x1d4 CMakeFiles/SD_full.elf.dir/Drivers/STM32F1xx_HAL_Driver/Src/stm32f1xx_hal_rcc.c.obj
                0x0000000008000c7c                HAL_RCC_ClockConfig
 .text.HAL_RCC_GetSysClockFreq
                0x0000000008000e50       0xc0 CMakeFiles/SD_full.elf.dir/Drivers/STM32F1xx_HAL_Driver/Src/stm32f1xx_hal_rcc.c.obj
                0x0000000008000e50                HAL_RCC_GetSysClockFreq
 .text.HAL_RCC_GetHCLKFreq
                0x0000000008000f10       0x14 CMakeFiles/SD_full.elf.dir/Drivers/STM32F1xx_HAL_Driver/Src/stm32f1xx_hal_rcc.c.obj
                0x0000000008000f10                HAL_RCC_GetHCLKFreq
 .text.HAL_RCC_GetPCLK1Freq
                0x0000000008000f24       0x28 CMakeFiles/SD_full.elf.dir/Drivers/STM32F1xx_HAL_Driver/Src/stm32f1xx_hal_rcc.c.obj
                0x0000000008000f24                HAL_RCC_GetPCLK1Freq
 .text.HAL_RCC_GetPCLK2Freq
                0x0000000008000f4c       0x28 CMakeFiles/SD_full.elf.dir/Drivers/STM32F1xx_HAL_Driver/Src/stm32f1xx_hal_rcc.c.obj
                0x0000000008000f4c                HAL_RCC_GetPCLK2Freq
 .text.RCC_Delay
                0x0000000008000f74       0x3c CMakeFiles/SD_full.elf.dir/Drivers/STM32F1xx_HAL_Driver/Src/stm32f1xx_hal_rcc.c.obj
 .text.HAL_SPI_Init
                0x0000000008000fb0      0x108 CMakeFiles/SD_full.elf.dir/Drivers/STM32F1xx_HAL_Driver/Src/stm32f1xx_hal_spi.c.obj
                0x0000000008000fb0                HAL_SPI_Init
 .text.HAL_SPI_TransmitReceive
                0x00000000080010b8      0x344 CMakeFiles/SD_full.elf.dir/Drivers/STM32F1xx_HAL_Driver/Src/stm32f1xx_hal_spi.c.obj
                0x00000000080010b8                HAL_SPI_TransmitReceive
 .text.SPI_WaitFlagStateUntilTimeout
                0x00000000080013fc      0x110 CMakeFiles/SD_full.elf.dir/Drivers/STM32F1xx_HAL_Driver/Src/stm32f1xx_hal_spi.c.obj
 .text.SPI_EndRxTxTransaction
                0x000000000800150c       0x3c CMakeFiles/SD_full.elf.dir/Drivers/STM32F1xx_HAL_Driver/Src/stm32f1xx_hal_spi.c.obj
 .text.HAL_UART_Init
                0x0000000008001548       0x9a CMakeFiles/SD_full.elf.dir/Drivers/STM32F1xx_HAL_Driver/Src/stm32f1xx_hal_uart.c.obj
                0x0000000008001548                HAL_UART_Init
 .text.HAL_UART_Transmit
                0x00000000080015e2      0x124 CMakeFiles/SD_full.elf.dir/Drivers/STM32F1xx_HAL_Driver/Src/stm32f1xx_hal_uart.c.obj
                0x00000000080015e2                HAL_UART_Transmit
 .text.HAL_UART_Receive
                0x0000000008001706      0x13e CMakeFiles/SD_full.elf.dir/Drivers/STM32F1xx_HAL_Driver/Src/stm32f1xx_hal_uart.c.obj
                0x0000000008001706                HAL_UART_Receive
 .text.UART_WaitOnFlagUntilTimeout
                0x0000000008001844       0x94 CMakeFiles/SD_full.elf.dir/Drivers/STM32F1xx_HAL_Driver/Src/stm32f1xx_hal_uart.c.obj
 .text.UART_SetConfig
                0x00000000080018d8      0x11c CMakeFiles/SD_full.elf.dir/Drivers/STM32F1xx_HAL_Driver/Src/stm32f1xx_hal_uart.c.obj
 .text.main     0x00000000080019f4      0x1f0 CMakeFiles/SD_full.elf.dir/Src/main.c.obj
                0x00000000080019f4                main
 .text.SystemClock_Config
                0x0000000008001be4       0x76 CMakeFiles/SD_full.elf.dir/Src/main.c.obj
                0x0000000008001be4                SystemClock_Config
 *fill*         0x0000000008001c5a        0x2 
 .text.MX_SPI1_Init
                0x0000000008001c5c       0x6c CMakeFiles/SD_full.elf.dir/Src/main.c.obj
 .text.MX_USART2_UART_Init
                0x0000000008001cc8       0x54 CMakeFiles/SD_full.elf.dir/Src/main.c.obj
 .text.MX_GPIO_Init
                0x0000000008001d1c       0x94 CMakeFiles/SD_full.elf.dir/Src/main.c.obj
 .text.Error_Handler
                0x0000000008001db0        0xc CMakeFiles/SD_full.elf.dir/Src/main.c.obj
                0x0000000008001db0                Error_Handler
 .text.SPIx_WriteRead
                0x0000000008001dbc       0x4c CMakeFiles/SD_full.elf.dir/Src/sd.c.obj
                0x0000000008001dbc                SPIx_WriteRead
 .text.SPI_SendByte
                0x0000000008001e08       0x1a CMakeFiles/SD_full.elf.dir/Src/sd.c.obj
                0x0000000008001e08                SPI_SendByte
 .text.SPI_ReceiveByte
                0x0000000008001e22       0x1a CMakeFiles/SD_full.elf.dir/Src/sd.c.obj
                0x0000000008001e22                SPI_ReceiveByte
 .text.SD_cmd   0x0000000008001e3c       0xd4 CMakeFiles/SD_full.elf.dir/Src/sd.c.obj
 .text.SD_Read_Block
                0x0000000008001f10       0x88 CMakeFiles/SD_full.elf.dir/Src/sd.c.obj
                0x0000000008001f10                SD_Read_Block
 .text.SD_Write_Block
                0x0000000008001f98       0xa4 CMakeFiles/SD_full.elf.dir/Src/sd.c.obj
                0x0000000008001f98                SD_Write_Block
 .text.sd_ini   0x000000000800203c      0x268 CMakeFiles/SD_full.elf.dir/Src/sd.c.obj
                0x000000000800203c                sd_ini
 .text.SPI_Release
                0x00000000080022a4        0xe CMakeFiles/SD_full.elf.dir/Src/sd.c.obj
                0x00000000080022a4                SPI_Release
 *fill*         0x00000000080022b2        0x2 
 .text.HAL_MspInit
                0x00000000080022b4       0x64 CMakeFiles/SD_full.elf.dir/Src/stm32f1xx_hal_msp.c.obj
                0x00000000080022b4                HAL_MspInit
 .text.HAL_SPI_MspInit
                0x0000000008002318       0x94 CMakeFiles/SD_full.elf.dir/Src/stm32f1xx_hal_msp.c.obj
                0x0000000008002318                HAL_SPI_MspInit
 .text.HAL_UART_MspInit
                0x00000000080023ac       0x94 CMakeFiles/SD_full.elf.dir/Src/stm32f1xx_hal_msp.c.obj
                0x00000000080023ac                HAL_UART_MspInit
 .text.NMI_Handler
                0x0000000008002440        0xc CMakeFiles/SD_full.elf.dir/Src/stm32f1xx_it.c.obj
                0x0000000008002440                NMI_Handler
 .text.HardFault_Handler
                0x000000000800244c        0x6 CMakeFiles/SD_full.elf.dir/Src/stm32f1xx_it.c.obj
                0x000000000800244c                HardFault_Handler
 .text.MemManage_Handler
                0x0000000008002452        0x6 CMakeFiles/SD_full.elf.dir/Src/stm32f1xx_it.c.obj
                0x0000000008002452                MemManage_Handler
 .text.BusFault_Handler
                0x0000000008002458        0x6 CMakeFiles/SD_full.elf.dir/Src/stm32f1xx_it.c.obj
                0x0000000008002458                BusFault_Handler
 .text.UsageFault_Handler
                0x000000000800245e        0x6 CMakeFiles/SD_full.elf.dir/Src/stm32f1xx_it.c.obj
                0x000000000800245e                UsageFault_Handler
 .text.SVC_Handler
                0x0000000008002464        0xc CMakeFiles/SD_full.elf.dir/Src/stm32f1xx_it.c.obj
                0x0000000008002464                SVC_Handler
 .text.DebugMon_Handler
                0x0000000008002470        0xc CMakeFiles/SD_full.elf.dir/Src/stm32f1xx_it.c.obj
                0x0000000008002470                DebugMon_Handler
 .text.PendSV_Handler
                0x000000000800247c        0xc CMakeFiles/SD_full.elf.dir/Src/stm32f1xx_it.c.obj
                0x000000000800247c                PendSV_Handler
 .text.SysTick_Handler
                0x0000000008002488        0xc CMakeFiles/SD_full.elf.dir/Src/stm32f1xx_it.c.obj
                0x0000000008002488                SysTick_Handler
 .text._sbrk    0x0000000008002494       0x58 CMakeFiles/SD_full.elf.dir/Src/syscalls.c.obj
                0x0000000008002494                _sbrk
 .text.SystemInit
                0x00000000080024ec        0xc CMakeFiles/SD_full.elf.dir/Src/system_stm32f1xx.c.obj
                0x00000000080024ec                SystemInit
 .text.Reset_Handler
                0x00000000080024f8       0x48 CMakeFiles/SD_full.elf.dir/startup/startup_stm32f103xb.s.obj
                0x00000000080024f8                Reset_Handler
 .text.Default_Handler
                0x0000000008002540        0x2 CMakeFiles/SD_full.elf.dir/startup/startup_stm32f103xb.s.obj
                0x0000000008002540                USBWakeUp_IRQHandler
                0x0000000008002540                EXTI2_IRQHandler
                0x0000000008002540                TIM1_CC_IRQHandler
                0x0000000008002540                PVD_IRQHandler
                0x0000000008002540                EXTI3_IRQHandler
                0x0000000008002540                EXTI0_IRQHandler
                0x0000000008002540                I2C2_EV_IRQHandler
                0x0000000008002540                ADC1_2_IRQHandler
                0x0000000008002540                SPI1_IRQHandler
                0x0000000008002540                TAMPER_IRQHandler
                0x0000000008002540                DMA1_Channel4_IRQHandler
                0x0000000008002540                USART3_IRQHandler
                0x0000000008002540                RTC_IRQHandler
                0x0000000008002540                DMA1_Channel7_IRQHandler
                0x0000000008002540                CAN1_RX1_IRQHandler
                0x0000000008002540                TIM4_IRQHandler
                0x0000000008002540                I2C1_EV_IRQHandler
                0x0000000008002540                DMA1_Channel6_IRQHandler
                0x0000000008002540                TIM3_IRQHandler
                0x0000000008002540                RCC_IRQHandler
                0x0000000008002540                TIM1_TRG_COM_IRQHandler
                0x0000000008002540                DMA1_Channel1_IRQHandler
                0x0000000008002540                Default_Handler
                0x0000000008002540                EXTI15_10_IRQHandler
                0x0000000008002540                EXTI9_5_IRQHandler
                0x0000000008002540                SPI2_IRQHandler
                0x0000000008002540                DMA1_Channel5_IRQHandler
                0x0000000008002540                EXTI4_IRQHandler
                0x0000000008002540                USB_LP_CAN1_RX0_IRQHandler
                0x0000000008002540                USB_HP_CAN1_TX_IRQHandler
                0x0000000008002540                DMA1_Channel3_IRQHandler
                0x0000000008002540                TIM1_UP_IRQHandler
                0x0000000008002540                WWDG_IRQHandler
                0x0000000008002540                TIM2_IRQHandler
                0x0000000008002540                TIM1_BRK_IRQHandler
                0x0000000008002540                EXTI1_IRQHandler
                0x0000000008002540                USART2_IRQHandler
                0x0000000008002540                I2C2_ER_IRQHandler
                0x0000000008002540                DMA1_Channel2_IRQHandler
                0x0000000008002540                CAN1_SCE_IRQHandler
                0x0000000008002540                FLASH_IRQHandler
                0x0000000008002540                USART1_IRQHandler
                0x0000000008002540                I2C1_ER_IRQHandler
                0x0000000008002540                RTC_Alarm_IRQHandler
 *fill*         0x0000000008002542        0x2 
 .text.__errno  0x0000000008002544        0xc /Users/andronovdima/ARM/gcc-arm-none-eabi-9-2019-q4-major/bin/../lib/gcc/arm-none-eabi/9.2.1/../../../../arm-none-eabi/lib/thumb/v7-m/nofp/libg_nano.a(lib_a-errno.o)
                0x0000000008002544                __errno
 .text.__libc_init_array
                0x0000000008002550       0x48 /Users/andronovdima/ARM/gcc-arm-none-eabi-9-2019-q4-major/bin/../lib/gcc/arm-none-eabi/9.2.1/../../../../arm-none-eabi/lib/thumb/v7-m/nofp/libg_nano.a(lib_a-init.o)
                0x0000000008002550                __libc_init_array
 .text.malloc   0x0000000008002598       0x10 /Users/andronovdima/ARM/gcc-arm-none-eabi-9-2019-q4-major/bin/../lib/gcc/arm-none-eabi/9.2.1/../../../../arm-none-eabi/lib/thumb/v7-m/nofp/libg_nano.a(lib_a-malloc.o)
                0x0000000008002598                malloc
 .text.memset   0x00000000080025a8       0x10 /Users/andronovdima/ARM/gcc-arm-none-eabi-9-2019-q4-major/bin/../lib/gcc/arm-none-eabi/9.2.1/../../../../arm-none-eabi/lib/thumb/v7-m/nofp/libg_nano.a(lib_a-memset.o)
                0x00000000080025a8                memset
 .text._free_r  0x00000000080025b8       0x98 /Users/andronovdima/ARM/gcc-arm-none-eabi-9-2019-q4-major/bin/../lib/gcc/arm-none-eabi/9.2.1/../../../../arm-none-eabi/lib/thumb/v7-m/nofp/libg_nano.a(lib_a-nano-freer.o)
                0x00000000080025b8                _free_r
 .text._malloc_r
                0x0000000008002650       0xb4 /Users/andronovdima/ARM/gcc-arm-none-eabi-9-2019-q4-major/bin/../lib/gcc/arm-none-eabi/9.2.1/../../../../arm-none-eabi/lib/thumb/v7-m/nofp/libg_nano.a(lib_a-nano-mallocr.o)
                0x0000000008002650                _malloc_r
 .text._sbrk_r  0x0000000008002704       0x20 /Users/andronovdima/ARM/gcc-arm-none-eabi-9-2019-q4-major/bin/../lib/gcc/arm-none-eabi/9.2.1/../../../../arm-none-eabi/lib/thumb/v7-m/nofp/libg_nano.a(lib_a-sbrkr.o)
                0x0000000008002704                _sbrk_r
 .text.sprintf  0x0000000008002724       0x40 /Users/andronovdima/ARM/gcc-arm-none-eabi-9-2019-q4-major/bin/../lib/gcc/arm-none-eabi/9.2.1/../../../../arm-none-eabi/lib/thumb/v7-m/nofp/libg_nano.a(lib_a-sprintf.o)
                0x0000000008002724                sprintf
                0x0000000008002724                siprintf
 .text.__malloc_lock
                0x0000000008002764        0xc /Users/andronovdima/ARM/gcc-arm-none-eabi-9-2019-q4-major/bin/../lib/gcc/arm-none-eabi/9.2.1/../../../../arm-none-eabi/lib/thumb/v7-m/nofp/libg_nano.a(lib_a-mlock.o)
                0x0000000008002764                __malloc_lock
 .text.__malloc_unlock
                0x0000000008002770        0xc /Users/andronovdima/ARM/gcc-arm-none-eabi-9-2019-q4-major/bin/../lib/gcc/arm-none-eabi/9.2.1/../../../../arm-none-eabi/lib/thumb/v7-m/nofp/libg_nano.a(lib_a-mlock.o)
                0x0000000008002770                __malloc_unlock
 .text.__ssputs_r
                0x000000000800277c       0xb6 /Users/andronovdima/ARM/gcc-arm-none-eabi-9-2019-q4-major/bin/../lib/gcc/arm-none-eabi/9.2.1/../../../../arm-none-eabi/lib/thumb/v7-m/nofp/libg_nano.a(lib_a-nano-svfprintf.o)
                0x000000000800277c                __ssputs_r
 *fill*         0x0000000008002832        0x2 
 .text._svfprintf_r
                0x0000000008002834      0x200 /Users/andronovdima/ARM/gcc-arm-none-eabi-9-2019-q4-major/bin/../lib/gcc/arm-none-eabi/9.2.1/../../../../arm-none-eabi/lib/thumb/v7-m/nofp/libg_nano.a(lib_a-nano-svfprintf.o)
                0x0000000008002834                _svfprintf_r
                0x0000000008002834                _svfiprintf_r
 .text._printf_common
                0x0000000008002a34       0xde /Users/andronovdima/ARM/gcc-arm-none-eabi-9-2019-q4-major/bin/../lib/gcc/arm-none-eabi/9.2.1/../../../../arm-none-eabi/lib/thumb/v7-m/nofp/libg_nano.a(lib_a-nano-vfprintf_i.o)
                0x0000000008002a34                _printf_common
 *fill*         0x0000000008002b12        0x2 
 .text._printf_i
                0x0000000008002b14      0x24c /Users/andronovdima/ARM/gcc-arm-none-eabi-9-2019-q4-major/bin/../lib/gcc/arm-none-eabi/9.2.1/../../../../arm-none-eabi/lib/thumb/v7-m/nofp/libg_nano.a(lib_a-nano-vfprintf_i.o)
                0x0000000008002b14                _printf_i
 .text.__retarget_lock_acquire_recursive
                0x0000000008002d60        0x2 /Users/andronovdima/ARM/gcc-arm-none-eabi-9-2019-q4-major/bin/../lib/gcc/arm-none-eabi/9.2.1/../../../../arm-none-eabi/lib/thumb/v7-m/nofp/libg_nano.a(lib_a-lock.o)
                0x0000000008002d60                __retarget_lock_acquire_recursive
 .text.__retarget_lock_release_recursive
                0x0000000008002d62        0x2 /Users/andronovdima/ARM/gcc-arm-none-eabi-9-2019-q4-major/bin/../lib/gcc/arm-none-eabi/9.2.1/../../../../arm-none-eabi/lib/thumb/v7-m/nofp/libg_nano.a(lib_a-lock.o)
                0x0000000008002d62                __retarget_lock_release_recursive
 .text.memchr   0x0000000008002d64       0x1c /Users/andronovdima/ARM/gcc-arm-none-eabi-9-2019-q4-major/bin/../lib/gcc/arm-none-eabi/9.2.1/../../../../arm-none-eabi/lib/thumb/v7-m/nofp/libg_nano.a(lib_a-memchr-stub.o)
                0x0000000008002d64                memchr
 .text.memcpy   0x0000000008002d80       0x1c /Users/andronovdima/ARM/gcc-arm-none-eabi-9-2019-q4-major/bin/../lib/gcc/arm-none-eabi/9.2.1/../../../../arm-none-eabi/lib/thumb/v7-m/nofp/libg_nano.a(lib_a-memcpy-stub.o)
                0x0000000008002d80                memcpy
 .text.memmove  0x0000000008002d9c       0x34 /Users/andronovdima/ARM/gcc-arm-none-eabi-9-2019-q4-major/bin/../lib/gcc/arm-none-eabi/9.2.1/../../../../arm-none-eabi/lib/thumb/v7-m/nofp/libg_nano.a(lib_a-memmove.o)
                0x0000000008002d9c                memmove
 .text._realloc_r
                0x0000000008002dd0       0x4c /Users/andronovdima/ARM/gcc-arm-none-eabi-9-2019-q4-major/bin/../lib/gcc/arm-none-eabi/9.2.1/../../../../arm-none-eabi/lib/thumb/v7-m/nofp/libg_nano.a(lib_a-nano-reallocr.o)
                0x0000000008002dd0                _realloc_r
 .text._malloc_usable_size_r
                0x0000000008002e1c       0x10 /Users/andronovdima/ARM/gcc-arm-none-eabi-9-2019-q4-major/bin/../lib/gcc/arm-none-eabi/9.2.1/../../../../arm-none-eabi/lib/thumb/v7-m/nofp/libg_nano.a(lib_a-nano-msizer.o)
                0x0000000008002e1c                _malloc_usable_size_r
 *(.glue_7)
 .glue_7        0x0000000008002e2c        0x0 linker stubs
 *(.glue_7t)
 .glue_7t       0x0000000008002e2c        0x0 linker stubs
 *(.eh_frame)
 .eh_frame      0x0000000008002e2c        0x0 /Users/andronovdima/ARM/gcc-arm-none-eabi-9-2019-q4-major/bin/../lib/gcc/arm-none-eabi/9.2.1/thumb/v7-m/nofp/crtbegin.o
 *(.init)
 .init          0x0000000008002e2c        0x4 /Users/andronovdima/ARM/gcc-arm-none-eabi-9-2019-q4-major/bin/../lib/gcc/arm-none-eabi/9.2.1/thumb/v7-m/nofp/crti.o
                0x0000000008002e2c                _init
 .init          0x0000000008002e30        0x8 /Users/andronovdima/ARM/gcc-arm-none-eabi-9-2019-q4-major/bin/../lib/gcc/arm-none-eabi/9.2.1/thumb/v7-m/nofp/crtn.o
 *(.fini)
 .fini          0x0000000008002e38        0x4 /Users/andronovdima/ARM/gcc-arm-none-eabi-9-2019-q4-major/bin/../lib/gcc/arm-none-eabi/9.2.1/thumb/v7-m/nofp/crti.o
                0x0000000008002e38                _fini
 .fini          0x0000000008002e3c        0x8 /Users/andronovdima/ARM/gcc-arm-none-eabi-9-2019-q4-major/bin/../lib/gcc/arm-none-eabi/9.2.1/thumb/v7-m/nofp/crtn.o
                0x0000000008002e44                . = ALIGN (0x4)
                0x0000000008002e44                _etext = .

.vfp11_veneer   0x0000000008002e44        0x0
 .vfp11_veneer  0x0000000008002e44        0x0 linker stubs

.v4_bx          0x0000000008002e44        0x0
 .v4_bx         0x0000000008002e44        0x0 linker stubs

.iplt           0x0000000008002e44        0x0
 .iplt          0x0000000008002e44        0x0 /Users/andronovdima/ARM/gcc-arm-none-eabi-9-2019-q4-major/bin/../lib/gcc/arm-none-eabi/9.2.1/thumb/v7-m/nofp/crtbegin.o

.rodata         0x0000000008002e44      0x300
                0x0000000008002e44                . = ALIGN (0x4)
 *(.rodata)
 .rodata        0x0000000008002e44       0x10 CMakeFiles/SD_full.elf.dir/Drivers/STM32F1xx_HAL_Driver/Src/stm32f1xx_hal_rcc.c.obj
 .rodata        0x0000000008002e54      0x264 CMakeFiles/SD_full.elf.dir/Src/main.c.obj
 .rodata        0x00000000080030b8       0x3e CMakeFiles/SD_full.elf.dir/Src/sd.c.obj
 *(.rodata*)
 *fill*         0x00000000080030f6        0x2 
 .rodata.AHBPrescTable
                0x00000000080030f8       0x10 CMakeFiles/SD_full.elf.dir/Src/system_stm32f1xx.c.obj
                0x00000000080030f8                AHBPrescTable
 .rodata.APBPrescTable
                0x0000000008003108        0x8 CMakeFiles/SD_full.elf.dir/Src/system_stm32f1xx.c.obj
                0x0000000008003108                APBPrescTable
 .rodata._svfprintf_r.str1.1
                0x0000000008003110       0x11 /Users/andronovdima/ARM/gcc-arm-none-eabi-9-2019-q4-major/bin/../lib/gcc/arm-none-eabi/9.2.1/../../../../arm-none-eabi/lib/thumb/v7-m/nofp/libg_nano.a(lib_a-nano-svfprintf.o)
 .rodata._printf_i.str1.1
                0x0000000008003121       0x22 /Users/andronovdima/ARM/gcc-arm-none-eabi-9-2019-q4-major/bin/../lib/gcc/arm-none-eabi/9.2.1/../../../../arm-none-eabi/lib/thumb/v7-m/nofp/libg_nano.a(lib_a-nano-vfprintf_i.o)
                0x0000000008003144                . = ALIGN (0x4)
 *fill*         0x0000000008003143        0x1 

.rel.dyn        0x0000000008003144        0x0
 .rel.iplt      0x0000000008003144        0x0 /Users/andronovdima/ARM/gcc-arm-none-eabi-9-2019-q4-major/bin/../lib/gcc/arm-none-eabi/9.2.1/thumb/v7-m/nofp/crtbegin.o

.ARM.extab
 *(.ARM.extab* .gnu.linkonce.armextab.*)

.ARM            0x0000000008003144        0x0
                0x0000000008003144                __exidx_start = .
 *(.ARM.exidx*)
                0x0000000008003144                __exidx_end = .

.preinit_array  0x0000000008003144        0x0
                0x0000000008003144                PROVIDE (__preinit_array_start = .)
 *(.preinit_array*)
                0x0000000008003144                PROVIDE (__preinit_array_end = .)

.init_array     0x0000000008003144        0x4
                0x0000000008003144                PROVIDE (__init_array_start = .)
 *(SORT_BY_NAME(.init_array.*))
 *(.init_array*)
 .init_array    0x0000000008003144        0x4 /Users/andronovdima/ARM/gcc-arm-none-eabi-9-2019-q4-major/bin/../lib/gcc/arm-none-eabi/9.2.1/thumb/v7-m/nofp/crtbegin.o
                0x0000000008003148                PROVIDE (__init_array_end = .)

.fini_array     0x0000000008003148        0x4
                [!provide]                        PROVIDE (__fini_array_start = .)
 *(SORT_BY_NAME(.fini_array.*))
 *(.fini_array*)
 .fini_array    0x0000000008003148        0x4 /Users/andronovdima/ARM/gcc-arm-none-eabi-9-2019-q4-major/bin/../lib/gcc/arm-none-eabi/9.2.1/thumb/v7-m/nofp/crtbegin.o
                [!provide]                        PROVIDE (__fini_array_end = .)
                0x000000000800314c                _sidata = LOADADDR (.data)

.data           0x0000000020000000       0x70 load address 0x000000000800314c
                0x0000000020000000                . = ALIGN (0x4)
                0x0000000020000000                _sdata = .
 *(.data)
 *(.data*)
 .data.uwTickPrio
                0x0000000020000000        0x4 CMakeFiles/SD_full.elf.dir/Drivers/STM32F1xx_HAL_Driver/Src/stm32f1xx_hal.c.obj
                0x0000000020000000                uwTickPrio
 .data.uwTickFreq
                0x0000000020000004        0x1 CMakeFiles/SD_full.elf.dir/Drivers/STM32F1xx_HAL_Driver/Src/stm32f1xx_hal.c.obj
                0x0000000020000004                uwTickFreq
 *fill*         0x0000000020000005        0x3 
 .data.SystemCoreClock
                0x0000000020000008        0x4 CMakeFiles/SD_full.elf.dir/Src/system_stm32f1xx.c.obj
                0x0000000020000008                SystemCoreClock
 .data._impure_ptr
                0x000000002000000c        0x4 /Users/andronovdima/ARM/gcc-arm-none-eabi-9-2019-q4-major/bin/../lib/gcc/arm-none-eabi/9.2.1/../../../../arm-none-eabi/lib/thumb/v7-m/nofp/libg_nano.a(lib_a-impure.o)
                0x000000002000000c                _impure_ptr
 .data.impure_data
                0x0000000020000010       0x60 /Users/andronovdima/ARM/gcc-arm-none-eabi-9-2019-q4-major/bin/../lib/gcc/arm-none-eabi/9.2.1/../../../../arm-none-eabi/lib/thumb/v7-m/nofp/libg_nano.a(lib_a-impure.o)
                0x0000000020000070                . = ALIGN (0x4)
                0x0000000020000070                _edata = .

.igot.plt       0x0000000020000070        0x0 load address 0x00000000080031bc
 .igot.plt      0x0000000020000070        0x0 /Users/andronovdima/ARM/gcc-arm-none-eabi-9-2019-q4-major/bin/../lib/gcc/arm-none-eabi/9.2.1/thumb/v7-m/nofp/crtbegin.o
                0x0000000020000070                . = ALIGN (0x4)

.bss            0x0000000020000070      0x114 load address 0x00000000080031bc
                0x0000000020000070                _sbss = .
                0x0000000020000070                __bss_start__ = _sbss
 *(.bss)
 .bss           0x0000000020000070       0x1c /Users/andronovdima/ARM/gcc-arm-none-eabi-9-2019-q4-major/bin/../lib/gcc/arm-none-eabi/9.2.1/thumb/v7-m/nofp/crtbegin.o
 *(.bss*)
 .bss.uwTick    0x000000002000008c        0x4 CMakeFiles/SD_full.elf.dir/Drivers/STM32F1xx_HAL_Driver/Src/stm32f1xx_hal.c.obj
                0x000000002000008c                uwTick
 .bss.hspi1     0x0000000020000090       0x58 CMakeFiles/SD_full.elf.dir/Src/main.c.obj
                0x0000000020000090                hspi1
 .bss.huart2    0x00000000200000e8       0x40 CMakeFiles/SD_full.elf.dir/Src/main.c.obj
                0x00000000200000e8                huart2
 .bss.sdinfo    0x0000000020000128        0x1 CMakeFiles/SD_full.elf.dir/Src/sd.c.obj
                0x0000000020000128                sdinfo
 *fill*         0x0000000020000129        0x3 
 .bss.str1      0x000000002000012c       0x3c CMakeFiles/SD_full.elf.dir/Src/sd.c.obj
                0x000000002000012c                str1
 .bss.heap_end.6018
                0x0000000020000168        0x4 CMakeFiles/SD_full.elf.dir/Src/syscalls.c.obj
 .bss.__malloc_free_list
                0x000000002000016c        0x4 /Users/andronovdima/ARM/gcc-arm-none-eabi-9-2019-q4-major/bin/../lib/gcc/arm-none-eabi/9.2.1/../../../../arm-none-eabi/lib/thumb/v7-m/nofp/libg_nano.a(lib_a-nano-mallocr.o)
                0x000000002000016c                __malloc_free_list
 .bss.__malloc_sbrk_start
                0x0000000020000170        0x4 /Users/andronovdima/ARM/gcc-arm-none-eabi-9-2019-q4-major/bin/../lib/gcc/arm-none-eabi/9.2.1/../../../../arm-none-eabi/lib/thumb/v7-m/nofp/libg_nano.a(lib_a-nano-mallocr.o)
                0x0000000020000170                __malloc_sbrk_start
 *(COMMON)
 COMMON         0x0000000020000174        0x4 /Users/andronovdima/ARM/gcc-arm-none-eabi-9-2019-q4-major/bin/../lib/gcc/arm-none-eabi/9.2.1/../../../../arm-none-eabi/lib/thumb/v7-m/nofp/libg_nano.a(lib_a-reent.o)
                0x0000000020000174                errno
 COMMON         0x0000000020000178        0x9 /Users/andronovdima/ARM/gcc-arm-none-eabi-9-2019-q4-major/bin/../lib/gcc/arm-none-eabi/9.2.1/../../../../arm-none-eabi/lib/thumb/v7-m/nofp/libg_nano.a(lib_a-lock.o)
                0x0000000020000178                __lock___atexit_recursive_mutex
                0x0000000020000179                __lock___arc4random_mutex
                0x000000002000017a                __lock___env_recursive_mutex
                0x000000002000017b                __lock___sinit_recursive_mutex
                0x000000002000017c                __lock___malloc_recursive_mutex
                0x000000002000017d                __lock___at_quick_exit_mutex
                0x000000002000017e                __lock___dd_hash_mutex
                0x000000002000017f                __lock___tz_mutex
                0x0000000020000180                __lock___sfp_recursive_mutex
                0x0000000020000184                . = ALIGN (0x4)
 *fill*         0x0000000020000181        0x3 
                0x0000000020000184                _ebss = .
                0x0000000020000184                __bss_end__ = _ebss

._user_heap_stack
                0x0000000020000184      0x604 load address 0x00000000080031bc
                0x0000000020000188                . = ALIGN (0x8)
 *fill*         0x0000000020000184        0x4 
                0x0000000020000188                PROVIDE (end = .)
                [!provide]                        PROVIDE (_end = .)
                0x0000000020000388                . = (. + _Min_Heap_Size)
 *fill*         0x0000000020000188      0x200 
                0x0000000020000788                . = (. + _Min_Stack_Size)
 *fill*         0x0000000020000388      0x400 
                0x0000000020000788                . = ALIGN (0x8)

/DISCARD/
 libc.a(*)
 libm.a(*)
 libgcc.a(*)

.ARM.attributes
                0x0000000000000000       0x29
 *(.ARM.attributes)
 .ARM.attributes
                0x0000000000000000       0x1d /Users/andronovdima/ARM/gcc-arm-none-eabi-9-2019-q4-major/bin/../lib/gcc/arm-none-eabi/9.2.1/thumb/v7-m/nofp/crti.o
 .ARM.attributes
                0x000000000000001d       0x2d /Users/andronovdima/ARM/gcc-arm-none-eabi-9-2019-q4-major/bin/../lib/gcc/arm-none-eabi/9.2.1/thumb/v7-m/nofp/crtbegin.o
 .ARM.attributes
                0x000000000000004a       0x2d CMakeFiles/SD_full.elf.dir/Drivers/STM32F1xx_HAL_Driver/Src/stm32f1xx_hal.c.obj
 .ARM.attributes
                0x0000000000000077       0x2d CMakeFiles/SD_full.elf.dir/Drivers/STM32F1xx_HAL_Driver/Src/stm32f1xx_hal_cortex.c.obj
 .ARM.attributes
                0x00000000000000a4       0x2d CMakeFiles/SD_full.elf.dir/Drivers/STM32F1xx_HAL_Driver/Src/stm32f1xx_hal_gpio.c.obj
 .ARM.attributes
                0x00000000000000d1       0x2d CMakeFiles/SD_full.elf.dir/Drivers/STM32F1xx_HAL_Driver/Src/stm32f1xx_hal_rcc.c.obj
 .ARM.attributes
                0x00000000000000fe       0x2d CMakeFiles/SD_full.elf.dir/Drivers/STM32F1xx_HAL_Driver/Src/stm32f1xx_hal_spi.c.obj
 .ARM.attributes
                0x000000000000012b       0x2d CMakeFiles/SD_full.elf.dir/Drivers/STM32F1xx_HAL_Driver/Src/stm32f1xx_hal_uart.c.obj
 .ARM.attributes
                0x0000000000000158       0x2d CMakeFiles/SD_full.elf.dir/Src/main.c.obj
 .ARM.attributes
                0x0000000000000185       0x2d CMakeFiles/SD_full.elf.dir/Src/sd.c.obj
 .ARM.attributes
                0x00000000000001b2       0x2d CMakeFiles/SD_full.elf.dir/Src/stm32f1xx_hal_msp.c.obj
 .ARM.attributes
                0x00000000000001df       0x2d CMakeFiles/SD_full.elf.dir/Src/stm32f1xx_it.c.obj
 .ARM.attributes
                0x000000000000020c       0x2d CMakeFiles/SD_full.elf.dir/Src/syscalls.c.obj
 .ARM.attributes
                0x0000000000000239       0x2d CMakeFiles/SD_full.elf.dir/Src/system_stm32f1xx.c.obj
 .ARM.attributes
                0x0000000000000266       0x21 CMakeFiles/SD_full.elf.dir/startup/startup_stm32f103xb.s.obj
 .ARM.attributes
                0x0000000000000287       0x2d /Users/andronovdima/ARM/gcc-arm-none-eabi-9-2019-q4-major/bin/../lib/gcc/arm-none-eabi/9.2.1/../../../../arm-none-eabi/lib/thumb/v7-m/nofp/libg_nano.a(lib_a-errno.o)
 .ARM.attributes
                0x00000000000002b4       0x2d /Users/andronovdima/ARM/gcc-arm-none-eabi-9-2019-q4-major/bin/../lib/gcc/arm-none-eabi/9.2.1/../../../../arm-none-eabi/lib/thumb/v7-m/nofp/libg_nano.a(lib_a-impure.o)
 .ARM.attributes
                0x00000000000002e1       0x2d /Users/andronovdima/ARM/gcc-arm-none-eabi-9-2019-q4-major/bin/../lib/gcc/arm-none-eabi/9.2.1/../../../../arm-none-eabi/lib/thumb/v7-m/nofp/libg_nano.a(lib_a-init.o)
 .ARM.attributes
                0x000000000000030e       0x2d /Users/andronovdima/ARM/gcc-arm-none-eabi-9-2019-q4-major/bin/../lib/gcc/arm-none-eabi/9.2.1/../../../../arm-none-eabi/lib/thumb/v7-m/nofp/libg_nano.a(lib_a-malloc.o)
 .ARM.attributes
                0x000000000000033b       0x2d /Users/andronovdima/ARM/gcc-arm-none-eabi-9-2019-q4-major/bin/../lib/gcc/arm-none-eabi/9.2.1/../../../../arm-none-eabi/lib/thumb/v7-m/nofp/libg_nano.a(lib_a-memset.o)
 .ARM.attributes
                0x0000000000000368       0x2d /Users/andronovdima/ARM/gcc-arm-none-eabi-9-2019-q4-major/bin/../lib/gcc/arm-none-eabi/9.2.1/../../../../arm-none-eabi/lib/thumb/v7-m/nofp/libg_nano.a(lib_a-nano-freer.o)
 .ARM.attributes
                0x0000000000000395       0x2d /Users/andronovdima/ARM/gcc-arm-none-eabi-9-2019-q4-major/bin/../lib/gcc/arm-none-eabi/9.2.1/../../../../arm-none-eabi/lib/thumb/v7-m/nofp/libg_nano.a(lib_a-nano-mallocr.o)
 .ARM.attributes
                0x00000000000003c2       0x2d /Users/andronovdima/ARM/gcc-arm-none-eabi-9-2019-q4-major/bin/../lib/gcc/arm-none-eabi/9.2.1/../../../../arm-none-eabi/lib/thumb/v7-m/nofp/libg_nano.a(lib_a-sbrkr.o)
 .ARM.attributes
                0x00000000000003ef       0x2d /Users/andronovdima/ARM/gcc-arm-none-eabi-9-2019-q4-major/bin/../lib/gcc/arm-none-eabi/9.2.1/../../../../arm-none-eabi/lib/thumb/v7-m/nofp/libg_nano.a(lib_a-sprintf.o)
 .ARM.attributes
                0x000000000000041c       0x1b /Users/andronovdima/ARM/gcc-arm-none-eabi-9-2019-q4-major/bin/../lib/gcc/arm-none-eabi/9.2.1/../../../../arm-none-eabi/lib/thumb/v7-m/nofp/libg_nano.a(lib_a-strcmp.o)
 .ARM.attributes
                0x0000000000000437       0x17 /Users/andronovdima/ARM/gcc-arm-none-eabi-9-2019-q4-major/bin/../lib/gcc/arm-none-eabi/9.2.1/../../../../arm-none-eabi/lib/thumb/v7-m/nofp/libg_nano.a(lib_a-strlen.o)
 .ARM.attributes
                0x000000000000044e       0x2d /Users/andronovdima/ARM/gcc-arm-none-eabi-9-2019-q4-major/bin/../lib/gcc/arm-none-eabi/9.2.1/../../../../arm-none-eabi/lib/thumb/v7-m/nofp/libg_nano.a(lib_a-mlock.o)
 .ARM.attributes
                0x000000000000047b       0x2d /Users/andronovdima/ARM/gcc-arm-none-eabi-9-2019-q4-major/bin/../lib/gcc/arm-none-eabi/9.2.1/../../../../arm-none-eabi/lib/thumb/v7-m/nofp/libg_nano.a(lib_a-nano-svfprintf.o)
 .ARM.attributes
                0x00000000000004a8       0x2d /Users/andronovdima/ARM/gcc-arm-none-eabi-9-2019-q4-major/bin/../lib/gcc/arm-none-eabi/9.2.1/../../../../arm-none-eabi/lib/thumb/v7-m/nofp/libg_nano.a(lib_a-nano-vfprintf_i.o)
 .ARM.attributes
                0x00000000000004d5       0x2d /Users/andronovdima/ARM/gcc-arm-none-eabi-9-2019-q4-major/bin/../lib/gcc/arm-none-eabi/9.2.1/../../../../arm-none-eabi/lib/thumb/v7-m/nofp/libg_nano.a(lib_a-reent.o)
 .ARM.attributes
                0x0000000000000502       0x2d /Users/andronovdima/ARM/gcc-arm-none-eabi-9-2019-q4-major/bin/../lib/gcc/arm-none-eabi/9.2.1/../../../../arm-none-eabi/lib/thumb/v7-m/nofp/libg_nano.a(lib_a-lock.o)
 .ARM.attributes
                0x000000000000052f       0x2d /Users/andronovdima/ARM/gcc-arm-none-eabi-9-2019-q4-major/bin/../lib/gcc/arm-none-eabi/9.2.1/../../../../arm-none-eabi/lib/thumb/v7-m/nofp/libg_nano.a(lib_a-memchr-stub.o)
 .ARM.attributes
                0x000000000000055c       0x2d /Users/andronovdima/ARM/gcc-arm-none-eabi-9-2019-q4-major/bin/../lib/gcc/arm-none-eabi/9.2.1/../../../../arm-none-eabi/lib/thumb/v7-m/nofp/libg_nano.a(lib_a-memcpy-stub.o)
 .ARM.attributes
                0x0000000000000589       0x2d /Users/andronovdima/ARM/gcc-arm-none-eabi-9-2019-q4-major/bin/../lib/gcc/arm-none-eabi/9.2.1/../../../../arm-none-eabi/lib/thumb/v7-m/nofp/libg_nano.a(lib_a-memmove.o)
 .ARM.attributes
                0x00000000000005b6       0x2d /Users/andronovdima/ARM/gcc-arm-none-eabi-9-2019-q4-major/bin/../lib/gcc/arm-none-eabi/9.2.1/../../../../arm-none-eabi/lib/thumb/v7-m/nofp/libg_nano.a(lib_a-nano-reallocr.o)
 .ARM.attributes
                0x00000000000005e3       0x2d /Users/andronovdima/ARM/gcc-arm-none-eabi-9-2019-q4-major/bin/../lib/gcc/arm-none-eabi/9.2.1/../../../../arm-none-eabi/lib/thumb/v7-m/nofp/libg_nano.a(lib_a-nano-msizer.o)
 .ARM.attributes
                0x0000000000000610       0x1d /Users/andronovdima/ARM/gcc-arm-none-eabi-9-2019-q4-major/bin/../lib/gcc/arm-none-eabi/9.2.1/thumb/v7-m/nofp/crtn.o
OUTPUT(SD_full.elf elf32-littlearm)

.debug_info     0x0000000000000000     0x9701
 .debug_info    0x0000000000000000      0x75f CMakeFiles/SD_full.elf.dir/Drivers/STM32F1xx_HAL_Driver/Src/stm32f1xx_hal.c.obj
 .debug_info    0x000000000000075f      0xbd1 CMakeFiles/SD_full.elf.dir/Drivers/STM32F1xx_HAL_Driver/Src/stm32f1xx_hal_cortex.c.obj
 .debug_info    0x0000000000001330      0x6f6 CMakeFiles/SD_full.elf.dir/Drivers/STM32F1xx_HAL_Driver/Src/stm32f1xx_hal_gpio.c.obj
 .debug_info    0x0000000000001a26      0x883 CMakeFiles/SD_full.elf.dir/Drivers/STM32F1xx_HAL_Driver/Src/stm32f1xx_hal_rcc.c.obj
 .debug_info    0x00000000000022a9     0x16a4 CMakeFiles/SD_full.elf.dir/Drivers/STM32F1xx_HAL_Driver/Src/stm32f1xx_hal_spi.c.obj
 .debug_info    0x000000000000394d     0x1317 CMakeFiles/SD_full.elf.dir/Drivers/STM32F1xx_HAL_Driver/Src/stm32f1xx_hal_uart.c.obj
 .debug_info    0x0000000000004c64     0x1598 CMakeFiles/SD_full.elf.dir/Src/main.c.obj
 .debug_info    0x00000000000061fc     0x1450 CMakeFiles/SD_full.elf.dir/Src/sd.c.obj
 .debug_info    0x000000000000764c      0xbba CMakeFiles/SD_full.elf.dir/Src/stm32f1xx_hal_msp.c.obj
 .debug_info    0x0000000000008206      0x217 CMakeFiles/SD_full.elf.dir/Src/stm32f1xx_it.c.obj
 .debug_info    0x000000000000841d     0x100f CMakeFiles/SD_full.elf.dir/Src/syscalls.c.obj
 .debug_info    0x000000000000942c      0x2b3 CMakeFiles/SD_full.elf.dir/Src/system_stm32f1xx.c.obj
 .debug_info    0x00000000000096df       0x22 CMakeFiles/SD_full.elf.dir/startup/startup_stm32f103xb.s.obj

.debug_abbrev   0x0000000000000000     0x19ca
 .debug_abbrev  0x0000000000000000      0x1ea CMakeFiles/SD_full.elf.dir/Drivers/STM32F1xx_HAL_Driver/Src/stm32f1xx_hal.c.obj
 .debug_abbrev  0x00000000000001ea      0x310 CMakeFiles/SD_full.elf.dir/Drivers/STM32F1xx_HAL_Driver/Src/stm32f1xx_hal_cortex.c.obj
 .debug_abbrev  0x00000000000004fa      0x1e5 CMakeFiles/SD_full.elf.dir/Drivers/STM32F1xx_HAL_Driver/Src/stm32f1xx_hal_gpio.c.obj
 .debug_abbrev  0x00000000000006df      0x270 CMakeFiles/SD_full.elf.dir/Drivers/STM32F1xx_HAL_Driver/Src/stm32f1xx_hal_rcc.c.obj
 .debug_abbrev  0x000000000000094f      0x26b CMakeFiles/SD_full.elf.dir/Drivers/STM32F1xx_HAL_Driver/Src/stm32f1xx_hal_spi.c.obj
 .debug_abbrev  0x0000000000000bba      0x26d CMakeFiles/SD_full.elf.dir/Drivers/STM32F1xx_HAL_Driver/Src/stm32f1xx_hal_uart.c.obj
 .debug_abbrev  0x0000000000000e27      0x299 CMakeFiles/SD_full.elf.dir/Src/main.c.obj
 .debug_abbrev  0x00000000000010c0      0x28c CMakeFiles/SD_full.elf.dir/Src/sd.c.obj
 .debug_abbrev  0x000000000000134c      0x1a9 CMakeFiles/SD_full.elf.dir/Src/stm32f1xx_hal_msp.c.obj
 .debug_abbrev  0x00000000000014f5       0xcf CMakeFiles/SD_full.elf.dir/Src/stm32f1xx_it.c.obj
 .debug_abbrev  0x00000000000015c4      0x2a9 CMakeFiles/SD_full.elf.dir/Src/syscalls.c.obj
 .debug_abbrev  0x000000000000186d      0x14b CMakeFiles/SD_full.elf.dir/Src/system_stm32f1xx.c.obj
 .debug_abbrev  0x00000000000019b8       0x12 CMakeFiles/SD_full.elf.dir/startup/startup_stm32f103xb.s.obj

.debug_aranges  0x0000000000000000      0x8a8
 .debug_aranges
                0x0000000000000000       0xe0 CMakeFiles/SD_full.elf.dir/Drivers/STM32F1xx_HAL_Driver/Src/stm32f1xx_hal.c.obj
 .debug_aranges
                0x00000000000000e0      0x100 CMakeFiles/SD_full.elf.dir/Drivers/STM32F1xx_HAL_Driver/Src/stm32f1xx_hal_cortex.c.obj
 .debug_aranges
                0x00000000000001e0       0x58 CMakeFiles/SD_full.elf.dir/Drivers/STM32F1xx_HAL_Driver/Src/stm32f1xx_hal_gpio.c.obj
 .debug_aranges
                0x0000000000000238       0x90 CMakeFiles/SD_full.elf.dir/Drivers/STM32F1xx_HAL_Driver/Src/stm32f1xx_hal_rcc.c.obj
 .debug_aranges
                0x00000000000002c8      0x1d0 CMakeFiles/SD_full.elf.dir/Drivers/STM32F1xx_HAL_Driver/Src/stm32f1xx_hal_spi.c.obj
 .debug_aranges
                0x0000000000000498      0x1d0 CMakeFiles/SD_full.elf.dir/Drivers/STM32F1xx_HAL_Driver/Src/stm32f1xx_hal_uart.c.obj
 .debug_aranges
                0x0000000000000668       0x48 CMakeFiles/SD_full.elf.dir/Src/main.c.obj
 .debug_aranges
                0x00000000000006b0       0x58 CMakeFiles/SD_full.elf.dir/Src/sd.c.obj
 .debug_aranges
                0x0000000000000708       0x40 CMakeFiles/SD_full.elf.dir/Src/stm32f1xx_hal_msp.c.obj
 .debug_aranges
                0x0000000000000748       0x60 CMakeFiles/SD_full.elf.dir/Src/stm32f1xx_it.c.obj
 .debug_aranges
                0x00000000000007a8       0xb0 CMakeFiles/SD_full.elf.dir/Src/syscalls.c.obj
 .debug_aranges
                0x0000000000000858       0x28 CMakeFiles/SD_full.elf.dir/Src/system_stm32f1xx.c.obj
 .debug_aranges
                0x0000000000000880       0x28 CMakeFiles/SD_full.elf.dir/startup/startup_stm32f103xb.s.obj

.debug_ranges   0x0000000000000000      0x7e0
 .debug_ranges  0x0000000000000000       0xd0 CMakeFiles/SD_full.elf.dir/Drivers/STM32F1xx_HAL_Driver/Src/stm32f1xx_hal.c.obj
 .debug_ranges  0x00000000000000d0       0xf0 CMakeFiles/SD_full.elf.dir/Drivers/STM32F1xx_HAL_Driver/Src/stm32f1xx_hal_cortex.c.obj
 .debug_ranges  0x00000000000001c0       0x48 CMakeFiles/SD_full.elf.dir/Drivers/STM32F1xx_HAL_Driver/Src/stm32f1xx_hal_gpio.c.obj
 .debug_ranges  0x0000000000000208       0x80 CMakeFiles/SD_full.elf.dir/Drivers/STM32F1xx_HAL_Driver/Src/stm32f1xx_hal_rcc.c.obj
 .debug_ranges  0x0000000000000288      0x1c0 CMakeFiles/SD_full.elf.dir/Drivers/STM32F1xx_HAL_Driver/Src/stm32f1xx_hal_spi.c.obj
 .debug_ranges  0x0000000000000448      0x1c0 CMakeFiles/SD_full.elf.dir/Drivers/STM32F1xx_HAL_Driver/Src/stm32f1xx_hal_uart.c.obj
 .debug_ranges  0x0000000000000608       0x38 CMakeFiles/SD_full.elf.dir/Src/main.c.obj
 .debug_ranges  0x0000000000000640       0x48 CMakeFiles/SD_full.elf.dir/Src/sd.c.obj
 .debug_ranges  0x0000000000000688       0x30 CMakeFiles/SD_full.elf.dir/Src/stm32f1xx_hal_msp.c.obj
 .debug_ranges  0x00000000000006b8       0x50 CMakeFiles/SD_full.elf.dir/Src/stm32f1xx_it.c.obj
 .debug_ranges  0x0000000000000708       0xa0 CMakeFiles/SD_full.elf.dir/Src/syscalls.c.obj
 .debug_ranges  0x00000000000007a8       0x18 CMakeFiles/SD_full.elf.dir/Src/system_stm32f1xx.c.obj
 .debug_ranges  0x00000000000007c0       0x20 CMakeFiles/SD_full.elf.dir/startup/startup_stm32f103xb.s.obj

.debug_line     0x0000000000000000     0x6301
 .debug_line    0x0000000000000000      0x540 CMakeFiles/SD_full.elf.dir/Drivers/STM32F1xx_HAL_Driver/Src/stm32f1xx_hal.c.obj
 .debug_line    0x0000000000000540      0x720 CMakeFiles/SD_full.elf.dir/Drivers/STM32F1xx_HAL_Driver/Src/stm32f1xx_hal_cortex.c.obj
 .debug_line    0x0000000000000c60      0x5ef CMakeFiles/SD_full.elf.dir/Drivers/STM32F1xx_HAL_Driver/Src/stm32f1xx_hal_gpio.c.obj
 .debug_line    0x000000000000124f      0x9a6 CMakeFiles/SD_full.elf.dir/Drivers/STM32F1xx_HAL_Driver/Src/stm32f1xx_hal_rcc.c.obj
 .debug_line    0x0000000000001bf5     0x17f5 CMakeFiles/SD_full.elf.dir/Drivers/STM32F1xx_HAL_Driver/Src/stm32f1xx_hal_spi.c.obj
 .debug_line    0x00000000000033ea     0x1388 CMakeFiles/SD_full.elf.dir/Drivers/STM32F1xx_HAL_Driver/Src/stm32f1xx_hal_uart.c.obj
 .debug_line    0x0000000000004772      0x54b CMakeFiles/SD_full.elf.dir/Src/main.c.obj
 .debug_line    0x0000000000004cbd      0x760 CMakeFiles/SD_full.elf.dir/Src/sd.c.obj
 .debug_line    0x000000000000541d      0x38b CMakeFiles/SD_full.elf.dir/Src/stm32f1xx_hal_msp.c.obj
 .debug_line    0x00000000000057a8      0x308 CMakeFiles/SD_full.elf.dir/Src/stm32f1xx_it.c.obj
 .debug_line    0x0000000000005ab0      0x4a7 CMakeFiles/SD_full.elf.dir/Src/syscalls.c.obj
 .debug_line    0x0000000000005f57      0x306 CMakeFiles/SD_full.elf.dir/Src/system_stm32f1xx.c.obj
 .debug_line    0x000000000000625d       0xa4 CMakeFiles/SD_full.elf.dir/startup/startup_stm32f103xb.s.obj

.debug_str      0x0000000000000000     0x2ada
 .debug_str     0x0000000000000000      0x812 CMakeFiles/SD_full.elf.dir/Drivers/STM32F1xx_HAL_Driver/Src/stm32f1xx_hal.c.obj
                                        0x88a (size before relaxing)
 .debug_str     0x0000000000000812      0x431 CMakeFiles/SD_full.elf.dir/Drivers/STM32F1xx_HAL_Driver/Src/stm32f1xx_hal_cortex.c.obj
                                        0x9eb (size before relaxing)
 .debug_str     0x0000000000000c43      0x1f6 CMakeFiles/SD_full.elf.dir/Drivers/STM32F1xx_HAL_Driver/Src/stm32f1xx_hal_gpio.c.obj
                                        0x53c (size before relaxing)
 .debug_str     0x0000000000000e39      0x351 CMakeFiles/SD_full.elf.dir/Drivers/STM32F1xx_HAL_Driver/Src/stm32f1xx_hal_rcc.c.obj
                                        0x6f7 (size before relaxing)
 .debug_str     0x000000000000118a      0x8e7 CMakeFiles/SD_full.elf.dir/Drivers/STM32F1xx_HAL_Driver/Src/stm32f1xx_hal_spi.c.obj
                                        0xc3e (size before relaxing)
 .debug_str     0x0000000000001a71      0x6c0 CMakeFiles/SD_full.elf.dir/Drivers/STM32F1xx_HAL_Driver/Src/stm32f1xx_hal_uart.c.obj
                                        0xc55 (size before relaxing)
 .debug_str     0x0000000000002131      0x49d CMakeFiles/SD_full.elf.dir/Src/main.c.obj
                                        0xe79 (size before relaxing)
 .debug_str     0x00000000000025ce       0xd2 CMakeFiles/SD_full.elf.dir/Src/sd.c.obj
                                        0xd31 (size before relaxing)
 .debug_str     0x00000000000026a0       0x42 CMakeFiles/SD_full.elf.dir/Src/stm32f1xx_hal_msp.c.obj
                                        0x909 (size before relaxing)
 .debug_str     0x00000000000026e2       0xcd CMakeFiles/SD_full.elf.dir/Src/stm32f1xx_it.c.obj
                                        0x361 (size before relaxing)
 .debug_str     0x00000000000027af      0x261 CMakeFiles/SD_full.elf.dir/Src/syscalls.c.obj
                                        0x89b (size before relaxing)
 .debug_str     0x0000000000002a10       0x74 CMakeFiles/SD_full.elf.dir/Src/system_stm32f1xx.c.obj
                                        0x34d (size before relaxing)
 .debug_str     0x0000000000002a84       0x56 CMakeFiles/SD_full.elf.dir/startup/startup_stm32f103xb.s.obj
                                         0x92 (size before relaxing)

.comment        0x0000000000000000       0x79
 .comment       0x0000000000000000       0x79 CMakeFiles/SD_full.elf.dir/Drivers/STM32F1xx_HAL_Driver/Src/stm32f1xx_hal.c.obj
                                         0x7a (size before relaxing)
 .comment       0x0000000000000079       0x7a CMakeFiles/SD_full.elf.dir/Drivers/STM32F1xx_HAL_Driver/Src/stm32f1xx_hal_cortex.c.obj
 .comment       0x0000000000000079       0x7a CMakeFiles/SD_full.elf.dir/Drivers/STM32F1xx_HAL_Driver/Src/stm32f1xx_hal_gpio.c.obj
 .comment       0x0000000000000079       0x7a CMakeFiles/SD_full.elf.dir/Drivers/STM32F1xx_HAL_Driver/Src/stm32f1xx_hal_rcc.c.obj
 .comment       0x0000000000000079       0x7a CMakeFiles/SD_full.elf.dir/Drivers/STM32F1xx_HAL_Driver/Src/stm32f1xx_hal_spi.c.obj
 .comment       0x0000000000000079       0x7a CMakeFiles/SD_full.elf.dir/Drivers/STM32F1xx_HAL_Driver/Src/stm32f1xx_hal_uart.c.obj
 .comment       0x0000000000000079       0x7a CMakeFiles/SD_full.elf.dir/Src/main.c.obj
 .comment       0x0000000000000079       0x7a CMakeFiles/SD_full.elf.dir/Src/sd.c.obj
 .comment       0x0000000000000079       0x7a CMakeFiles/SD_full.elf.dir/Src/stm32f1xx_hal_msp.c.obj
 .comment       0x0000000000000079       0x7a CMakeFiles/SD_full.elf.dir/Src/stm32f1xx_it.c.obj
 .comment       0x0000000000000079       0x7a CMakeFiles/SD_full.elf.dir/Src/syscalls.c.obj
 .comment       0x0000000000000079       0x7a CMakeFiles/SD_full.elf.dir/Src/system_stm32f1xx.c.obj

.debug_frame    0x0000000000000000     0x26d8
 .debug_frame   0x0000000000000000      0x334 CMakeFiles/SD_full.elf.dir/Drivers/STM32F1xx_HAL_Driver/Src/stm32f1xx_hal.c.obj
 .debug_frame   0x0000000000000334      0x428 CMakeFiles/SD_full.elf.dir/Drivers/STM32F1xx_HAL_Driver/Src/stm32f1xx_hal_cortex.c.obj
 .debug_frame   0x000000000000075c      0x14c CMakeFiles/SD_full.elf.dir/Drivers/STM32F1xx_HAL_Driver/Src/stm32f1xx_hal_gpio.c.obj
 .debug_frame   0x00000000000008a8      0x21c CMakeFiles/SD_full.elf.dir/Drivers/STM32F1xx_HAL_Driver/Src/stm32f1xx_hal_rcc.c.obj
 .debug_frame   0x0000000000000ac4      0x824 CMakeFiles/SD_full.elf.dir/Drivers/STM32F1xx_HAL_Driver/Src/stm32f1xx_hal_spi.c.obj
 .debug_frame   0x00000000000012e8      0x834 CMakeFiles/SD_full.elf.dir/Drivers/STM32F1xx_HAL_Driver/Src/stm32f1xx_hal_uart.c.obj
 .debug_frame   0x0000000000001b1c       0xd4 CMakeFiles/SD_full.elf.dir/Src/main.c.obj
 .debug_frame   0x0000000000001bf0      0x130 CMakeFiles/SD_full.elf.dir/Src/sd.c.obj
 .debug_frame   0x0000000000001d20       0xc8 CMakeFiles/SD_full.elf.dir/Src/stm32f1xx_hal_msp.c.obj
 .debug_frame   0x0000000000001de8      0x10c CMakeFiles/SD_full.elf.dir/Src/stm32f1xx_it.c.obj
 .debug_frame   0x0000000000001ef4      0x2d0 CMakeFiles/SD_full.elf.dir/Src/syscalls.c.obj
 .debug_frame   0x00000000000021c4       0x58 CMakeFiles/SD_full.elf.dir/Src/system_stm32f1xx.c.obj
 .debug_frame   0x000000000000221c       0x20 /Users/andronovdima/ARM/gcc-arm-none-eabi-9-2019-q4-major/bin/../lib/gcc/arm-none-eabi/9.2.1/../../../../arm-none-eabi/lib/thumb/v7-m/nofp/libg_nano.a(lib_a-errno.o)
 .debug_frame   0x000000000000223c       0x2c /Users/andronovdima/ARM/gcc-arm-none-eabi-9-2019-q4-major/bin/../lib/gcc/arm-none-eabi/9.2.1/../../../../arm-none-eabi/lib/thumb/v7-m/nofp/libg_nano.a(lib_a-init.o)
 .debug_frame   0x0000000000002268       0x30 /Users/andronovdima/ARM/gcc-arm-none-eabi-9-2019-q4-major/bin/../lib/gcc/arm-none-eabi/9.2.1/../../../../arm-none-eabi/lib/thumb/v7-m/nofp/libg_nano.a(lib_a-malloc.o)
 .debug_frame   0x0000000000002298       0x20 /Users/andronovdima/ARM/gcc-arm-none-eabi-9-2019-q4-major/bin/../lib/gcc/arm-none-eabi/9.2.1/../../../../arm-none-eabi/lib/thumb/v7-m/nofp/libg_nano.a(lib_a-memset.o)
 .debug_frame   0x00000000000022b8       0x38 /Users/andronovdima/ARM/gcc-arm-none-eabi-9-2019-q4-major/bin/../lib/gcc/arm-none-eabi/9.2.1/../../../../arm-none-eabi/lib/thumb/v7-m/nofp/libg_nano.a(lib_a-nano-freer.o)
 .debug_frame   0x00000000000022f0       0x30 /Users/andronovdima/ARM/gcc-arm-none-eabi-9-2019-q4-major/bin/../lib/gcc/arm-none-eabi/9.2.1/../../../../arm-none-eabi/lib/thumb/v7-m/nofp/libg_nano.a(lib_a-nano-mallocr.o)
 .debug_frame   0x0000000000002320       0x2c /Users/andronovdima/ARM/gcc-arm-none-eabi-9-2019-q4-major/bin/../lib/gcc/arm-none-eabi/9.2.1/../../../../arm-none-eabi/lib/thumb/v7-m/nofp/libg_nano.a(lib_a-sbrkr.o)
 .debug_frame   0x000000000000234c       0x6c /Users/andronovdima/ARM/gcc-arm-none-eabi-9-2019-q4-major/bin/../lib/gcc/arm-none-eabi/9.2.1/../../../../arm-none-eabi/lib/thumb/v7-m/nofp/libg_nano.a(lib_a-sprintf.o)
 .debug_frame   0x00000000000023b8       0x20 /Users/andronovdima/ARM/gcc-arm-none-eabi-9-2019-q4-major/bin/../lib/gcc/arm-none-eabi/9.2.1/../../../../arm-none-eabi/lib/thumb/v7-m/nofp/libg_nano.a(lib_a-strcmp.o)
 .debug_frame   0x00000000000023d8       0x30 /Users/andronovdima/ARM/gcc-arm-none-eabi-9-2019-q4-major/bin/../lib/gcc/arm-none-eabi/9.2.1/../../../../arm-none-eabi/lib/thumb/v7-m/nofp/libg_nano.a(lib_a-mlock.o)
 .debug_frame   0x0000000000002408       0x90 /Users/andronovdima/ARM/gcc-arm-none-eabi-9-2019-q4-major/bin/../lib/gcc/arm-none-eabi/9.2.1/../../../../arm-none-eabi/lib/thumb/v7-m/nofp/libg_nano.a(lib_a-nano-svfprintf.o)
 .debug_frame   0x0000000000002498       0x60 /Users/andronovdima/ARM/gcc-arm-none-eabi-9-2019-q4-major/bin/../lib/gcc/arm-none-eabi/9.2.1/../../../../arm-none-eabi/lib/thumb/v7-m/nofp/libg_nano.a(lib_a-nano-vfprintf_i.o)
 .debug_frame   0x00000000000024f8       0x5c /Users/andronovdima/ARM/gcc-arm-none-eabi-9-2019-q4-major/bin/../lib/gcc/arm-none-eabi/9.2.1/../../../../arm-none-eabi/lib/thumb/v7-m/nofp/libg_nano.a(lib_a-reent.o)
 .debug_frame   0x0000000000002554       0xb0 /Users/andronovdima/ARM/gcc-arm-none-eabi-9-2019-q4-major/bin/../lib/gcc/arm-none-eabi/9.2.1/../../../../arm-none-eabi/lib/thumb/v7-m/nofp/libg_nano.a(lib_a-lock.o)
 .debug_frame   0x0000000000002604       0x28 /Users/andronovdima/ARM/gcc-arm-none-eabi-9-2019-q4-major/bin/../lib/gcc/arm-none-eabi/9.2.1/../../../../arm-none-eabi/lib/thumb/v7-m/nofp/libg_nano.a(lib_a-memchr-stub.o)
 .debug_frame   0x000000000000262c       0x28 /Users/andronovdima/ARM/gcc-arm-none-eabi-9-2019-q4-major/bin/../lib/gcc/arm-none-eabi/9.2.1/../../../../arm-none-eabi/lib/thumb/v7-m/nofp/libg_nano.a(lib_a-memcpy-stub.o)
 .debug_frame   0x0000000000002654       0x28 /Users/andronovdima/ARM/gcc-arm-none-eabi-9-2019-q4-major/bin/../lib/gcc/arm-none-eabi/9.2.1/../../../../arm-none-eabi/lib/thumb/v7-m/nofp/libg_nano.a(lib_a-memmove.o)
 .debug_frame   0x000000000000267c       0x3c /Users/andronovdima/ARM/gcc-arm-none-eabi-9-2019-q4-major/bin/../lib/gcc/arm-none-eabi/9.2.1/../../../../arm-none-eabi/lib/thumb/v7-m/nofp/libg_nano.a(lib_a-nano-reallocr.o)
 .debug_frame   0x00000000000026b8       0x20 /Users/andronovdima/ARM/gcc-arm-none-eabi-9-2019-q4-major/bin/../lib/gcc/arm-none-eabi/9.2.1/../../../../arm-none-eabi/lib/thumb/v7-m/nofp/libg_nano.a(lib_a-nano-msizer.o)
